
name             topcat   arche                                         struct negR  mm chalk% long%      b/s
------------------------------------------------------------------------------------------------------------------------
Theo4            Politics negRisk-arb,mkt-maker,Politics-directional         5    0   4     0%    0%1479/0   
swisstony        Sports   negRisk-arb,sports-grind                           7  157   0    30%    0%1473/0   
RN1              Sports   negRisk-arb,sports-grind                           0   90   0     3%    1%1491/0   
gmanas           Sports   negRisk-arb,mkt-maker,sports-grind                18   26   4    12%    0%1406/1   
GamblingIsAllYou Sports   negRisk-arb,mkt-maker,sports-grind                 0   46  13     2%    0%1206/136 
0x006cc834Cc0926 Sports   negRisk-arb,mkt-maker,sports-grind                75   14  80     4%    0% 900/220 
432614799197     Sports   negRisk-arb,mkt-maker,sports-grind                 0   60   2     0%    0%1374/0   
0x2a2C53bD278c04 Sports   negRisk-arb,mkt-maker,sports-grind,active-2si     16  185   9     0%    0%1095/342 
DrPufferfish     Sports   negRisk-arb,mkt-maker,sports-grind,active-2si      0  181  30     0%    0% 863/600 
sovereign2013    Sports   negRisk-arb,mkt-maker,sports-grind                22    0   2     0%    0%1438/0   
Countryside      Sports   negRisk-arb,mkt-maker,sports-grind                 0  135   3     0%    4%1390/101 
ImJustKen        Other    negRisk-arb,mkt-maker                              6  370  54     0%    9%1389/39  
Michie           Politics negRisk-arb,mkt-maker,Politics-directional        17    1   5     0%    0%1467/0   
cigarettes       Sports   negRisk-arb                                      110  446   0    30%    0%1334/0   
debased          Politics negRisk-arb,mkt-maker                             65  147   8    41%    0%1322/103 
ArmageddonReward Other    negRisk-arb,active-2sided                         11  117   0    10%    0% 813/675 
0943             Other    negRisk-arb,mkt-maker,resolution-carry,active     43   10 138    59%    0% 534/721 
Q96s3kwozynxpau  Sports   negRisk-arb,mkt-maker,longshot-punt,sports-gr     22  156   2     0%  100% 424/1052
Sisyphus.        Other    negRisk-arb,mkt-maker,resolution-carry,active    102    0   3    98%    0% 735/572 
XAE12Archangel   Other    negRisk-arb,mkt-maker,active-2sided                4  100  11    14%   25% 686/799 
VeryLucky888     Sports   negRisk-arb,sports-grind,active-2sided             0  217   0     0%    0% 971/529 
Desy-17251921852 Econ     negRisk-arb,longshot-punt,Econ-directional,ac      0   42   0     0%  100% 783/717 
ferrariChampions Sports   negRisk-arb,sports-grind                           0   80   0     0%    0%1475/0   
influenz.eth     Politics negRisk-arb,mkt-maker,resolution-carry           238   11   4    65%    0%1195/0   
AiBird           Other    negRisk-arb,mkt-maker,active-2sided               62  219  16     3%    1% 657/762 
elmcap2          Other    negRisk-arb,mkt-maker,resolution-carry             8    7  23    98%    0%1273/182 
Spon             Sports   negRisk-arb,mkt-maker,resolution-carry,active     66    4  73    96%    0% 408/889 
poorsob          Politics negRisk-arb,mkt-maker,resolution-carry,Politi     52    2  38   100%    0%1359/25  
Fredi9999        Politics mkt-maker,Politics-directional                     0    0   3     0%    0%1468/0   
kch123           Sports   mkt-maker,sports-grind                             2    9  21     3%    0%1463/0   
Len9311238       Politics mkt-maker,Politics-directional                     1    0   6     0%    0%1486/0   
zxgngl           Sports   mkt-maker,sports-grind                             0    1   2     0%    0%1498/0   
RepTrump         Politics mkt-maker,Politics-directional                     0    0   3     0%    0%1489/0   
PrincessCaro     Politics mkt-maker,Politics-directional                     2    0   3     0%    0%1480/0   
BetTom42         Politics mkt-maker,Politics-directional                     0    0   3     0%    0%1490/0   
mikatrade77      Politics mkt-maker,Politics-directional                     0    0   4     0%    0%1489/0   
alexmulti        Politics mkt-maker,Politics-directional                     0    0   2     0%    0%1492/0   
beachboy4        Sports   mkt-maker,sports-grind                             0    2  93     0%    0%1350/4   
surfandturf      Sports   mkt-maker,sports-grind                             0    0   3     0%    0%1427/69  
Jenzigo          Politics mkt-maker,Politics-directional                     0    0   2     0%    0%1487/0   
Inaccuratestake  Sports   mkt-maker,sports-grind                             0    2   9     0%    0%1479/0   
gmpm             Sports   mkt-maker,sports-grind                             1    0   8     0%    0%1459/19  
GCottrell93      Other    mkt-maker                                          0    5 134     0%    0%1156/176 
fengdubiying     Other    mkt-maker                                          0    0   6    11%    0%1249/189 
RandomGenius-190 Politics mkt-maker,Politics-directional,active-2sided       0    0   5     0%    0%1011/483 
risk-manager     Crypto   mkt-maker,Crypto-directional,active-2sided         1   23  22    25%    6% 188/1288
0x492442EaB586F2 Sports   mkt-maker,sports-grind                             0    0  19     0%    0%1236/0   
InfiniteCrypt0   Other    mkt-maker,longshot-punt,active-2sided              0    9   2     0%  100% 734/764 
interstellaar    Politics mkt-maker,longshot-punt,Politics-directional,      1   14  19     0%  100% 844/626 
TheGuru-791      Sports   mkt-maker,sports-grind                             0    0   5     0%   28%1059/301 
bossoskil1       Other    mkt-maker                                          0    2   5     0%    0%1473/19  
GMIB             Crypto   resolution-carry,Crypto-directional,active-2s      0   26   0    97%    2% 980/511 
walletmobile     Politics Politics-directional                               0    0   1     0%    0%1210/289 
tripping         Other    longshot-punt,active-2sided                        0   18   1     0%  100% 501/998 
LuckyNFT444      Sports   sports-grind,active-2sided                         0    1   1     0%   34% 964/535 
asjabaasj        Sports   longshot-punt,sports-grind,active-2sided           0   19   1     0%  100% 670/829 
KeyTransporter   Sports   sports-grind                                       0    4   0     0%    0%1494/0   
reachingthesky   Sports   sports-grind                                       0    5   1     0%    0%1495/0   
majorexploiter   Sports   sports-grind                                       0    0   0     0%    0% 863/0   
SeriouslySirius  Sports   sports-grind                                       0   33   0     0%    0%1370/0   
CLASSDONE
